// Jest Snapshot v1, https://goo.gl/fbAQLP

exports[`the Alert component renders the same as last time with props 1`] = `<div />`;
