// Jest Snapshot v1, https://goo.gl/fbAQLP

exports[`the app component renders the same as last time 1`] = `
<div
  className="App"
>
  <header
    className="App-header"
  >
    <h1>
      Fruit dashboard
    </h1>
    <div />
    <form
      className="fruit-form"
      onSubmit={[Function]}
    >
      <h2>
        List out your favourite fruit
      </h2>
      <div
        className="input-wrapper"
      >
        <label
          htmlFor="name"
        >
          Add a fruit:
        </label>
        <input
          name="name"
          onChange={[Function]}
          type="text"
          value=""
        />
      </div>
      <div
        className="input-wrapper"
      >
        <label
          htmlFor="best"
        >
          Is it best?:
        </label>
        <input
          checked={false}
          name="best"
          onChange={[Function]}
          type="checkbox"
          value="false"
        />
      </div>
      <button>
        Add new fruit
      </button>
    </form>
    <div
      className="fruit-table"
    >
      <h2>
        True table
      </h2>
      <table>
        <thead>
          <tr>
            <th>
              ID
            </th>
            <th>
              Fruit
            </th>
            <th>
              Best?
            </th>
            <th>
              Edit
            </th>
            <th>
              Update
            </th>
            <th>
              Remove
            </th>
          </tr>
        </thead>
        <tbody />
      </table>
    </div>
    <div
      className="fruit-table"
    >
      <h2>
        False table
      </h2>
      <table>
        <thead>
          <tr>
            <th>
              ID
            </th>
            <th>
              Fruit
            </th>
            <th>
              Best?
            </th>
            <th>
              Edit
            </th>
            <th>
              Update
            </th>
            <th>
              Remove
            </th>
          </tr>
        </thead>
        <tbody />
      </table>
    </div>
  </header>
</div>
`;
