// Jest Snapshot v1, https://goo.gl/fbAQLP

exports[`the Modal component renders the same as last time 1`] = `
<div
  className="modal-wrapper"
>
  <div
    className="modal"
  >
    <h2 />
    <button
      className="closeButton"
      name="close"
      onClick={[Function]}
    >
      Ã—
    </button>
  </div>
</div>
`;
