// Jest Snapshot v1, https://goo.gl/fbAQLP

exports[`the Modal component renders the same as last time 1`] = `
<div>
  <div
    className="modal-wrapper"
  >
    <div
      className="modal"
    >
      <h2
        className="modal-title"
      >
        This is a title
      </h2>
      <form
        className="fruit-form"
        onSubmit={[Function]}
      >
        <h2>
          List out your favourite fruit
        </h2>
        <div
          className="input-wrapper"
        >
          <label
            htmlFor="name"
            id="name"
          >
            Add a fruit:
          </label>
          <input
            name="name"
            onChange={[Function]}
            type="text"
            value="False Case"
          />
        </div>
        <div
          className="input-wrapper"
        >
          <label
            htmlFor="best"
            id="best"
          >
            Is it best?:
          </label>
          <input
            checked={false}
            name="best"
            onChange={[Function]}
            type="checkbox"
          />
        </div>
        <button>
          Add new fruit
        </button>
      </form>
      <button
        className="closeButton"
        name="close"
        onClick={[Function]}
      >
        Ã—
      </button>
    </div>
  </div>
</div>
`;
