// Jest Snapshot v1, https://goo.gl/fbAQLP

exports[`the Alert component renders the same as last time with props 1`] = `
<div
  className="wrapper"
>
  <section
    className="alert"
  >
    <p
      className="message"
    >
      true
    </p>
    <button
      className="button"
      onClick={[Function]}
    >
      Ã—
    </button>
  </section>
</div>
`;
