// Jest Snapshot v1, https://goo.gl/fbAQLP

exports[`the Alert component renders the same as last time with props 1`] = `
<section
  className="wrapper"
>
  <div
    className="hero large flavourOne"
  >
    <h1
      className="title"
    >
      Title
    </h1>
  </div>
</section>
`;
