// Jest Snapshot v1, https://goo.gl/fbAQLP

exports[`the modal component renders the same as last time 1`] = `<div />`;
