// Jest Snapshot v1, https://goo.gl/fbAQLP

exports[`the Alert component renders the same as last time with props 1`] = `
<div>
  <div
    class="wrapper"
    data-testid="alert-wrapper"
  >
    <section
      class="alert"
    >
      <strong>
        !!!
      </strong>
      <p
        class="message"
      >
        test
      </p>
      <button
        class="button"
        data-testid="close-button"
      >
        Ã—
      </button>
    </section>
  </div>
</div>
`;
